ASxxxx Linker V03.00 + NoICE + sdld,  page 1.
Hexadecimal  [32-Bits]

Area                                    Addr        Size        Decimal Bytes (Attributes)
--------------------------------        ----        ----        ------- ----- ------------
.  .ABS.                            00000000    00000000 =           0. bytes (ABS,CON)

      Value  Global                              Global Defined In Module
      -----  --------------------------------   ------------------------
     00000000  .__.ABS.                           stm8s_gpio
     00000000  l_CABS                          
     00000000  l_CONST                         
     00000000  l_DABS                          
     00000000  l_DATA                          
     00000000  l_INITIALIZED                   
     00000000  l_INITIALIZER                   
     00000000  l__CODE                         
     00000000  s_CABS                          
     00000000  s_DABS                          
     00000000  s__CODE                         
     00000001  l_SSEG                          
     00000001  s_DATA                          
     00000001  s_INITIALIZED                   
     00000001  s_SSEG                          
     00000003  l_GSFINAL                       
     00000007  l_HOME                          
     0000001A  l_GSINIT                        
     0000011E  l_CODE                          
     00008000  s_HOME                          
     00008007  s_GSINIT                        
     00008021  s_GSFINAL                       
     00008024  s_CODE                          
     00008024  s_CONST                         
     00008024  s_INITIALIZER                   

ASxxxx Linker V03.00 + NoICE + sdld,  page 2.
Hexadecimal  [32-Bits]

Area                                    Addr        Size        Decimal Bytes (Attributes)
--------------------------------        ----        ----        ------- ----- ------------
SSEG                                00000001    00000001 =           1. bytes (REL,CON)

      Value  Global                              Global Defined In Module
      -----  --------------------------------   ------------------------
ASxxxx Linker V03.00 + NoICE + sdld,  page 3.
Hexadecimal  [32-Bits]

Area                                    Addr        Size        Decimal Bytes (Attributes)
--------------------------------        ----        ----        ------- ----- ------------
HOME                                00008000    00000007 =           7. bytes (REL,CON)

      Value  Global                              Global Defined In Module
      -----  --------------------------------   ------------------------
     00008000  A$main$48                          main
     00008004  A$main$82                          main

ASxxxx Linker V03.00 + NoICE + sdld,  page 4.
Hexadecimal  [32-Bits]

Area                                    Addr        Size        Decimal Bytes (Attributes)
--------------------------------        ----        ----        ------- ----- ------------
GSINIT                              00008007    0000001A =          26. bytes (REL,CON)

      Value  Global                              Global Defined In Module
      -----  --------------------------------   ------------------------
     00008007  A$main$58                          main
     0000800A  A$main$59                          main
     0000800C  A$main$61                          main
     00008010  A$main$62                          main
     00008011  A$main$63                          main
     00008013  A$main$65                          main
     00008016  A$main$66                          main
     00008018  A$main$68                          main
     0000801B  A$main$69                          main
     0000801E  A$main$70                          main
     0000801F  A$main$71                          main

ASxxxx Linker V03.00 + NoICE + sdld,  page 5.
Hexadecimal  [32-Bits]

Area                                    Addr        Size        Decimal Bytes (Attributes)
--------------------------------        ----        ----        ------- ----- ------------
GSFINAL                             00008021    00000003 =           3. bytes (REL,CON)

      Value  Global                              Global Defined In Module
      -----  --------------------------------   ------------------------
     00008021  A$main$75                          main

ASxxxx Linker V03.00 + NoICE + sdld,  page 6.
Hexadecimal  [32-Bits]

Area                                    Addr        Size        Decimal Bytes (Attributes)
--------------------------------        ----        ----        ------- ----- ------------
CODE                                00008024    0000011E =         286. bytes (REL,CON)

      Value  Global                              Global Defined In Module
      -----  --------------------------------   ------------------------
     00008024  A$main$101                         main
     00008024  C$main.c$15$1_0$347                main
     00008024  C$main.c$9$0_0$347                 main
     00008024  G$main$0$0                         main
     00008024  _main                              main
     00008026  A$main$103                         main
     00008028  A$main$105                         main
     0000802A  A$main$106                         main
     0000802C  A$main$108                         main
     0000802F  A$main$109                         main
     00008031  A$main$117                         main
     00008031  C$main.c$17$1_0$347                main
     00008031  C$main.c$21$2_0$348                main
     00008033  A$main$119                         main
     00008035  A$main$120                         main
     00008037  A$main$122                         main
     0000803A  A$main$123                         main
     0000803C  A$main$127                         main
     0000803C  C$main.c$22$2_0$348                main
     0000803E  A$main$128                         main
     00008040  A$main$130                         main
     00008043  A$main$131                         main
     00008045  A$main$133                         main
     00008048  A$main$141                         main
     00008048  C$main.c$25$1_0$347                main
     00008048  XG$main$0$0                        main
     00008049  A$main$155                         main
     00008049  C$main.c$27$1_0$350                main
     00008049  C$main.c$30$1_0$350                main
     00008049  G$Delay$0$0                        main
     00008049  _Delay                             main
     0000804B  A$main$159                         main
     0000804C  A$main$160                         main
     0000804E  A$main$161                         main
     00008051  A$main$166                         main
     00008051  C$main.c$32$2_0$351                main
     00008052  A$main$168                         main
     00008055  A$main$176                         main
     00008055  C$main.c$34$1_0$350                main
     00008055  XG$Delay$0$0                       main
     00008056  A$stm8s_gpio$71                    stm8s_gpio
     00008056  C$stm8s_gpio.c$53$0_0$346          stm8s_gpio
     00008056  C$stm8s_gpio.c$55$1_0$346          stm8s_gpio
     00008056  G$GPIO_DeInit$0$0                  stm8s_gpio
     00008056  _GPIO_DeInit                       stm8s_gpio
     00008058  A$stm8s_gpio$73                    stm8s_gpio
     0000805A  A$stm8s_gpio$77                    stm8s_gpio
     0000805A  C$stm8s_gpio.c$56$1_0$346          stm8s_gpio
     0000805B  A$stm8s_gpio$78                    stm8s_gpio
     0000805C  A$stm8s_gpio$79                    stm8s_gpio
ASxxxx Linker V03.00 + NoICE + sdld,  page 7.
Hexadecimal  [32-Bits]

Area                                    Addr        Size        Decimal Bytes (Attributes)
--------------------------------        ----        ----        ------- ----- ------------
CODE                                00008024    0000011E =         286. bytes (REL,CON)

      Value  Global                              Global Defined In Module
      -----  --------------------------------   ------------------------
     0000805D  A$stm8s_gpio$81                    stm8s_gpio
     0000805E  A$stm8s_gpio$85                    stm8s_gpio
     0000805E  C$stm8s_gpio.c$57$1_0$346          stm8s_gpio
     0000805F  A$stm8s_gpio$86                    stm8s_gpio
     00008062  A$stm8s_gpio$88                    stm8s_gpio
     00008063  A$stm8s_gpio$92                    stm8s_gpio
     00008063  C$stm8s_gpio.c$58$1_0$346          stm8s_gpio
     00008064  A$stm8s_gpio$93                    stm8s_gpio
     00008067  A$stm8s_gpio$95                    stm8s_gpio
     00008068  A$stm8s_gpio$103                   stm8s_gpio
     00008068  C$stm8s_gpio.c$59$1_0$346          stm8s_gpio
     00008068  XG$GPIO_DeInit$0$0                 stm8s_gpio
     00008069  A$stm8s_gpio$114                   stm8s_gpio
     00008069  C$stm8s_gpio.c$71$1_0$348          stm8s_gpio
     00008069  G$GPIO_Init$0$0                    stm8s_gpio
     00008069  _GPIO_Init                         stm8s_gpio
     0000806B  A$stm8s_gpio$118                   stm8s_gpio
     0000806D  A$stm8s_gpio$120                   stm8s_gpio
     0000806E  A$stm8s_gpio$121                   stm8s_gpio
     00008071  A$stm8s_gpio$122                   stm8s_gpio
     00008073  A$stm8s_gpio$124                   stm8s_gpio
     00008075  A$stm8s_gpio$125                   stm8s_gpio
     00008076  A$stm8s_gpio$127                   stm8s_gpio
     00008077  A$stm8s_gpio$128                   stm8s_gpio
     00008079  A$stm8s_gpio$129                   stm8s_gpio
     0000807A  A$stm8s_gpio$130                   stm8s_gpio
     0000807C  A$stm8s_gpio$131                   stm8s_gpio
     0000807D  A$stm8s_gpio$133                   stm8s_gpio
     0000807F  A$stm8s_gpio$135                   stm8s_gpio
     00008081  A$stm8s_gpio$136                   stm8s_gpio
     00008082  A$stm8s_gpio$140                   stm8s_gpio
     00008082  C$stm8s_gpio.c$98$1_0$348          stm8s_gpio
     00008083  A$stm8s_gpio$141                   stm8s_gpio
     00008084  A$stm8s_gpio$142                   stm8s_gpio
     00008085  A$stm8s_gpio$143                   stm8s_gpio
     00008087  A$stm8s_gpio$147                   stm8s_gpio
     00008087  C$stm8s_gpio.c$87$1_0$348          stm8s_gpio
     00008089  A$stm8s_gpio$148                   stm8s_gpio
     0000808B  A$stm8s_gpio$149                   stm8s_gpio
     0000808E  A$stm8s_gpio$155                   stm8s_gpio
     0000808E  C$stm8s_gpio.c$91$1_0$348          stm8s_gpio
     00008090  A$stm8s_gpio$159                   stm8s_gpio
     00008090  C$stm8s_gpio.c$89$2_0$349          stm8s_gpio
     00008091  A$stm8s_gpio$160                   stm8s_gpio
     00008093  A$stm8s_gpio$161                   stm8s_gpio
     00008095  A$stm8s_gpio$162                   stm8s_gpio
     00008096  A$stm8s_gpio$163                   stm8s_gpio
     00008098  A$stm8s_gpio$164                   stm8s_gpio
     0000809B  A$stm8s_gpio$170                   stm8s_gpio
     0000809B  C$stm8s_gpio.c$91$3_0$350          stm8s_gpio
     0000809D  A$stm8s_gpio$172                   stm8s_gpio
ASxxxx Linker V03.00 + NoICE + sdld,  page 8.
Hexadecimal  [32-Bits]

Area                                    Addr        Size        Decimal Bytes (Attributes)
--------------------------------        ----        ----        ------- ----- ------------
CODE                                00008024    0000011E =         286. bytes (REL,CON)

      Value  Global                              Global Defined In Module
      -----  --------------------------------   ------------------------
     0000809F  A$stm8s_gpio$174                   stm8s_gpio
     000080A2  A$stm8s_gpio$180                   stm8s_gpio
     000080A2  C$stm8s_gpio.c$95$3_0$351          stm8s_gpio
     000080A4  A$stm8s_gpio$182                   stm8s_gpio
     000080A6  A$stm8s_gpio$188                   stm8s_gpio
     000080A6  C$stm8s_gpio.c$98$2_0$349          stm8s_gpio
     000080A8  A$stm8s_gpio$189                   stm8s_gpio
     000080A9  A$stm8s_gpio$191                   stm8s_gpio
     000080AB  A$stm8s_gpio$193                   stm8s_gpio
     000080AD  A$stm8s_gpio$194                   stm8s_gpio
     000080AE  A$stm8s_gpio$196                   stm8s_gpio
     000080B1  A$stm8s_gpio$202                   stm8s_gpio
     000080B1  C$stm8s_gpio.c$103$2_0$352         stm8s_gpio
     000080B3  A$stm8s_gpio$203                   stm8s_gpio
     000080B4  A$stm8s_gpio$205                   stm8s_gpio
     000080B6  A$stm8s_gpio$207                   stm8s_gpio
     000080B8  A$stm8s_gpio$208                   stm8s_gpio
     000080B9  A$stm8s_gpio$214                   stm8s_gpio
     000080B9  C$stm8s_gpio.c$112$1_0$348         stm8s_gpio
     000080BA  A$stm8s_gpio$215                   stm8s_gpio
     000080BD  A$stm8s_gpio$217                   stm8s_gpio
     000080BE  A$stm8s_gpio$221                   stm8s_gpio
     000080BE  C$stm8s_gpio.c$110$1_0$348         stm8s_gpio
     000080BF  A$stm8s_gpio$222                   stm8s_gpio
     000080C1  A$stm8s_gpio$223                   stm8s_gpio
     000080C3  A$stm8s_gpio$224                   stm8s_gpio
     000080C4  A$stm8s_gpio$225                   stm8s_gpio
     000080C6  A$stm8s_gpio$226                   stm8s_gpio
     000080C9  A$stm8s_gpio$232                   stm8s_gpio
     000080C9  C$stm8s_gpio.c$112$2_0$353         stm8s_gpio
     000080CB  A$stm8s_gpio$234                   stm8s_gpio
     000080CC  A$stm8s_gpio$236                   stm8s_gpio
     000080CF  A$stm8s_gpio$242                   stm8s_gpio
     000080CF  C$stm8s_gpio.c$116$2_0$354         stm8s_gpio
     000080D1  A$stm8s_gpio$244                   stm8s_gpio
     000080D2  A$stm8s_gpio$250                   stm8s_gpio
     000080D2  C$stm8s_gpio.c$81$1_0$348          stm8s_gpio
     000080D4  A$stm8s_gpio$251                   stm8s_gpio
     000080D5  A$stm8s_gpio$255                   stm8s_gpio
     000080D5  C$stm8s_gpio.c$123$1_0$348         stm8s_gpio
     000080D6  A$stm8s_gpio$256                   stm8s_gpio
     000080D8  A$stm8s_gpio$257                   stm8s_gpio
     000080DA  A$stm8s_gpio$258                   stm8s_gpio
     000080DB  A$stm8s_gpio$259                   stm8s_gpio
     000080DD  A$stm8s_gpio$260                   stm8s_gpio
     000080E0  A$stm8s_gpio$266                   stm8s_gpio
     000080E0  C$stm8s_gpio.c$125$2_0$355         stm8s_gpio
     000080E2  A$stm8s_gpio$268                   stm8s_gpio
     000080E4  A$stm8s_gpio$269                   stm8s_gpio
     000080E5  A$stm8s_gpio$271                   stm8s_gpio
     000080E8  A$stm8s_gpio$277                   stm8s_gpio
ASxxxx Linker V03.00 + NoICE + sdld,  page 9.
Hexadecimal  [32-Bits]

Area                                    Addr        Size        Decimal Bytes (Attributes)
--------------------------------        ----        ----        ------- ----- ------------
CODE                                00008024    0000011E =         286. bytes (REL,CON)

      Value  Global                              Global Defined In Module
      -----  --------------------------------   ------------------------
     000080E8  C$stm8s_gpio.c$129$2_0$356         stm8s_gpio
     000080EA  A$stm8s_gpio$279                   stm8s_gpio
     000080EC  A$stm8s_gpio$280                   stm8s_gpio
     000080ED  A$stm8s_gpio$286                   stm8s_gpio
     000080EF  A$stm8s_gpio$289                   stm8s_gpio
     000080EF  C$stm8s_gpio.c$131$1_0$348         stm8s_gpio
     000080EF  XG$GPIO_Init$0$0                   stm8s_gpio
     000080F0  A$stm8s_gpio$303                   stm8s_gpio
     000080F0  C$stm8s_gpio.c$141$1_0$358         stm8s_gpio
     000080F0  C$stm8s_gpio.c$143$1_0$358         stm8s_gpio
     000080F0  G$GPIO_Write$0$0                   stm8s_gpio
     000080F0  _GPIO_Write                        stm8s_gpio
     000080F2  A$stm8s_gpio$305                   stm8s_gpio
     000080F4  A$stm8s_gpio$306                   stm8s_gpio
     000080F5  A$stm8s_gpio$314                   stm8s_gpio
     000080F5  C$stm8s_gpio.c$144$1_0$358         stm8s_gpio
     000080F5  XG$GPIO_Write$0$0                  stm8s_gpio
     000080F6  A$stm8s_gpio$328                   stm8s_gpio
     000080F6  C$stm8s_gpio.c$154$1_0$360         stm8s_gpio
     000080F6  C$stm8s_gpio.c$156$1_0$360         stm8s_gpio
     000080F6  G$GPIO_WriteHigh$0$0               stm8s_gpio
     000080F6  _GPIO_WriteHigh                    stm8s_gpio
     000080F8  A$stm8s_gpio$330                   stm8s_gpio
     000080F9  A$stm8s_gpio$332                   stm8s_gpio
     000080FB  A$stm8s_gpio$334                   stm8s_gpio
     000080FC  A$stm8s_gpio$342                   stm8s_gpio
     000080FC  C$stm8s_gpio.c$157$1_0$360         stm8s_gpio
     000080FC  XG$GPIO_WriteHigh$0$0              stm8s_gpio
     000080FD  A$stm8s_gpio$353                   stm8s_gpio
     000080FD  C$stm8s_gpio.c$167$1_0$362         stm8s_gpio
     000080FD  G$GPIO_WriteLow$0$0                stm8s_gpio
     000080FD  _GPIO_WriteLow                     stm8s_gpio
     000080FE  A$stm8s_gpio$357                   stm8s_gpio
     000080FE  C$stm8s_gpio.c$169$1_0$362         stm8s_gpio
     00008100  A$stm8s_gpio$359                   stm8s_gpio
     00008101  A$stm8s_gpio$360                   stm8s_gpio
     00008103  A$stm8s_gpio$362                   stm8s_gpio
     00008105  A$stm8s_gpio$363                   stm8s_gpio
     00008106  A$stm8s_gpio$365                   stm8s_gpio
     00008108  A$stm8s_gpio$367                   stm8s_gpio
     00008109  A$stm8s_gpio$373                   stm8s_gpio
     0000810A  A$stm8s_gpio$376                   stm8s_gpio
     0000810A  C$stm8s_gpio.c$170$1_0$362         stm8s_gpio
     0000810A  XG$GPIO_WriteLow$0$0               stm8s_gpio
     0000810B  A$stm8s_gpio$390                   stm8s_gpio
     0000810B  C$stm8s_gpio.c$180$1_0$364         stm8s_gpio
     0000810B  C$stm8s_gpio.c$182$1_0$364         stm8s_gpio
     0000810B  G$GPIO_WriteReverse$0$0            stm8s_gpio
     0000810B  _GPIO_WriteReverse                 stm8s_gpio
     0000810D  A$stm8s_gpio$392                   stm8s_gpio
     0000810E  A$stm8s_gpio$394                   stm8s_gpio
ASxxxx Linker V03.00 + NoICE + sdld,  page 10.
Hexadecimal  [32-Bits]

Area                                    Addr        Size        Decimal Bytes (Attributes)
--------------------------------        ----        ----        ------- ----- ------------
CODE                                00008024    0000011E =         286. bytes (REL,CON)

      Value  Global                              Global Defined In Module
      -----  --------------------------------   ------------------------
     00008110  A$stm8s_gpio$396                   stm8s_gpio
     00008111  A$stm8s_gpio$404                   stm8s_gpio
     00008111  C$stm8s_gpio.c$183$1_0$364         stm8s_gpio
     00008111  XG$GPIO_WriteReverse$0$0           stm8s_gpio
     00008112  A$stm8s_gpio$418                   stm8s_gpio
     00008112  C$stm8s_gpio.c$191$1_0$366         stm8s_gpio
     00008112  C$stm8s_gpio.c$193$1_0$366         stm8s_gpio
     00008112  G$GPIO_ReadOutputData$0$0          stm8s_gpio
     00008112  _GPIO_ReadOutputData               stm8s_gpio
     00008114  A$stm8s_gpio$420                   stm8s_gpio
     00008115  A$stm8s_gpio$429                   stm8s_gpio
     00008115  C$stm8s_gpio.c$194$1_0$366         stm8s_gpio
     00008115  XG$GPIO_ReadOutputData$0$0         stm8s_gpio
     00008116  A$stm8s_gpio$443                   stm8s_gpio
     00008116  C$stm8s_gpio.c$202$1_0$368         stm8s_gpio
     00008116  C$stm8s_gpio.c$204$1_0$368         stm8s_gpio
     00008116  G$GPIO_ReadInputData$0$0           stm8s_gpio
     00008116  _GPIO_ReadInputData                stm8s_gpio
     00008118  A$stm8s_gpio$446                   stm8s_gpio
     0000811A  A$stm8s_gpio$455                   stm8s_gpio
     0000811A  C$stm8s_gpio.c$205$1_0$368         stm8s_gpio
     0000811A  XG$GPIO_ReadInputData$0$0          stm8s_gpio
     0000811B  A$stm8s_gpio$469                   stm8s_gpio
     0000811B  C$stm8s_gpio.c$213$1_0$370         stm8s_gpio
     0000811B  C$stm8s_gpio.c$215$1_0$370         stm8s_gpio
     0000811B  G$GPIO_ReadInputPin$0$0            stm8s_gpio
     0000811B  _GPIO_ReadInputPin                 stm8s_gpio
     0000811D  A$stm8s_gpio$472                   stm8s_gpio
     0000811F  A$stm8s_gpio$474                   stm8s_gpio
     00008121  A$stm8s_gpio$483                   stm8s_gpio
     00008121  C$stm8s_gpio.c$216$1_0$370         stm8s_gpio
     00008121  XG$GPIO_ReadInputPin$0$0           stm8s_gpio
     00008122  A$stm8s_gpio$494                   stm8s_gpio
     00008122  C$stm8s_gpio.c$225$1_0$372         stm8s_gpio
     00008122  G$GPIO_ExternalPullUpConfig$0$0    stm8s_gpio
     00008122  _GPIO_ExternalPullUpConfig         stm8s_gpio
     00008123  A$stm8s_gpio$498                   stm8s_gpio
     00008123  C$stm8s_gpio.c$233$1_0$372         stm8s_gpio
     00008125  A$stm8s_gpio$500                   stm8s_gpio
     00008128  A$stm8s_gpio$502                   stm8s_gpio
     00008129  A$stm8s_gpio$506                   stm8s_gpio
     00008129  C$stm8s_gpio.c$231$1_0$372         stm8s_gpio
     0000812B  A$stm8s_gpio$507                   stm8s_gpio
     0000812D  A$stm8s_gpio$508                   stm8s_gpio
     00008130  A$stm8s_gpio$513                   stm8s_gpio
     00008130  C$stm8s_gpio.c$233$2_0$373         stm8s_gpio
     00008132  A$stm8s_gpio$515                   stm8s_gpio
     00008133  A$stm8s_gpio$517                   stm8s_gpio
     00008136  A$stm8s_gpio$523                   stm8s_gpio
     00008136  C$stm8s_gpio.c$236$2_0$374         stm8s_gpio
     00008137  A$stm8s_gpio$524                   stm8s_gpio
ASxxxx Linker V03.00 + NoICE + sdld,  page 11.
Hexadecimal  [32-Bits]

Area                                    Addr        Size        Decimal Bytes (Attributes)
--------------------------------        ----        ----        ------- ----- ------------
CODE                                00008024    0000011E =         286. bytes (REL,CON)

      Value  Global                              Global Defined In Module
      -----  --------------------------------   ------------------------
     00008139  A$stm8s_gpio$525                   stm8s_gpio
     0000813A  A$stm8s_gpio$526                   stm8s_gpio
     0000813C  A$stm8s_gpio$527                   stm8s_gpio
     0000813D  A$stm8s_gpio$529                   stm8s_gpio
     0000813F  A$stm8s_gpio$531                   stm8s_gpio
     00008140  A$stm8s_gpio$537                   stm8s_gpio
     00008141  A$stm8s_gpio$540                   stm8s_gpio
     00008141  C$stm8s_gpio.c$238$1_0$372         stm8s_gpio
     00008141  XG$GPIO_ExternalPullUpConfig$0$0   stm8s_gpio

ASxxxx Linker V03.00 + NoICE + sdld,  page 12.

Files Linked                              [ module(s) ]

./build/main.rel                          [ main ]
./build/stm8s_gpio.rel                    [ stm8s_gpio ]

ASxxxx Linker V03.00 + NoICE + sdld,  page 13.

User Base Address Definitions

HOME = 0x8000
DATA = 0x0001

